// Jest Snapshot v1, https://goo.gl/fbAQLP

exports[`AppliedRoute renders without crashing 1`] = `
<Button
  active={false}
  block={false}
  bsClass="btn"
  bsStyle="default"
  className="LoaderButton "
  disabled={false}
/>
`;
