// Jest Snapshot v1, https://goo.gl/fbAQLP

exports[`NewNote renders without crashing 1`] = `
<div
  className="NoteDetail"
/>
`;
